## first-run

status: 0
stdout:
cache miss: smoke-app stamp (no cache record)
cache miss: smoke-core stamp (no cache record)
run: rust/stamp/w0/smoke-core
stamp smoke-core
done: rust/stamp/w0/smoke-core [ok] (<duration>s)
run: rust/stamp/w1/smoke-app
stamp smoke-app
done: rust/stamp/w1/smoke-app [ok] (<duration>s)
stderr:
<empty>

## cached-run

status: 0
stdout:
cache hit: smoke-core stamp
cache hit: smoke-app stamp
stderr:
<empty>

## forced-run

status: 0
stdout:
cache forced: smoke-app stamp
cache forced: smoke-core stamp
run: rust/stamp/w0/smoke-core
stamp smoke-core
done: rust/stamp/w0/smoke-core [ok] (<duration>s)
run: rust/stamp/w1/smoke-app
stamp smoke-app
done: rust/stamp/w1/smoke-app [ok] (<duration>s)
stderr:
<empty>

## no-cache-run

status: 0
stdout:
cache disabled: smoke-app stamp (--no-cache was supplied)
cache disabled: smoke-core stamp (--no-cache was supplied)
run: rust/stamp/w0/smoke-core
stamp smoke-core
done: rust/stamp/w0/smoke-core [ok] (<duration>s)
run: rust/stamp/w1/smoke-app
stamp smoke-app
done: rust/stamp/w1/smoke-app [ok] (<duration>s)
stderr:
<empty>

