## plan

status: 0
stdout:
workspace: smoke-basic
root: <repo>

unit: rust/test/w0/batch
scope: rust adapter: rust task: test mode: batch-ready
command: direct argv
task_origin: project default
resource_group: cargo:<repo>
argv: ["cargo", "check", "-q", "--manifest-path", "Cargo.toml", "-p", "smoke-core"]
modules: smoke-core

unit: rust/test/w1/batch
scope: rust adapter: rust task: test mode: batch-ready
command: direct argv
task_origin: project default
resource_group: cargo:<repo>
argv: ["cargo", "check", "-q", "--manifest-path", "Cargo.toml", "-p", "smoke-test-util"]
modules: smoke-test-util

unit: rust/test/w2/batch
scope: rust adapter: rust task: test mode: batch-ready
command: direct argv
task_origin: project default
resource_group: cargo:<repo>
argv: ["cargo", "check", "-q", "--manifest-path", "Cargo.toml", "-p", "smoke-app"]
modules: smoke-app
stderr:
<empty>

