## first-arg

status: 0
stdout:
run: rust/arg-stamp/w0/smoke-core
arg-stamp smoke-core alpha
done: rust/arg-stamp/w0/smoke-core [ok] (<duration>s)
run: rust/arg-stamp/w1/smoke-app
arg-stamp smoke-app alpha
done: rust/arg-stamp/w1/smoke-app [ok] (<duration>s)
stderr:
<empty>

## second-arg

status: 0
stdout:
run: rust/arg-stamp/w0/smoke-core
arg-stamp smoke-core beta
done: rust/arg-stamp/w0/smoke-core [ok] (<duration>s)
run: rust/arg-stamp/w1/smoke-app
arg-stamp smoke-app beta
done: rust/arg-stamp/w1/smoke-app [ok] (<duration>s)
stderr:
<empty>

## cached-second-arg

status: 0
stdout:
cache hit: smoke-core arg-stamp
cache hit: smoke-app arg-stamp
stderr:
<empty>

