## first-run

status: 0
stdout:
run: rust/shared-stamp/w0/smoke-core
shared smoke-core
done: rust/shared-stamp/w0/smoke-core [ok] (<duration>s)
run: rust/shared-stamp/w1/smoke-app
shared smoke-app
done: rust/shared-stamp/w1/smoke-app [ok] (<duration>s)
stderr:
<empty>

## cached-run

status: 0
stdout:
cache hit: smoke-core shared-stamp
cache hit: smoke-app shared-stamp
stderr:
<empty>

